// Jest Snapshot v1, https://goo.gl/fbAQLP

exports[`renders correctly 1`] = `
<div
  className="App"
>
  <section
    className="section"
  >
    <p
      className="is-size-2"
    >
       TODOs 
    </p>
  </section>
  <section
    className="todoCard"
  >
    <div
      className="card"
    >
      <label
        className="checkbox"
      >
        <input
          type="checkbox"
        />
      </label>
      <p>
         Buy Milk
      </p>
      <p>
         25-01-2020
      </p>
      <button
        onClick={[Function]}
      >
         Open 
      </button>
    </div>
  </section>
</div>
`;
