// Jest Snapshot v1, https://goo.gl/fbAQLP

exports[`renders correctly 1`] = `
<div
  className="App"
>
  <section
    className="section"
  >
    <p
      className="is-size-2"
    >
       TODOs 
    </p>
  </section>
  <div>
    <h1>
      Add a TODO
    </h1>
    <form
      action="#"
      onReset={[Function]}
      onSubmit={[Function]}
    >
      <input
        name="title"
        onBlur={[Function]}
        onChange={[Function]}
        type="text"
        value="Title"
      />
      <input
        name="description"
        onBlur={[Function]}
        onChange={[Function]}
        type="text"
        value="Description"
      />
      <input
        name="date"
        onBlur={[Function]}
        onChange={[Function]}
        type="date"
      />
      <button
        disabled={false}
        type="submit"
      >
        Submit
      </button>
    </form>
  </div>
  <form>
    <label>
      Filter by Title:
      <input
        onChange={[Function]}
        type="text"
        value=""
      />
    </label>
  </form>
  <section
    className="todoCard"
  >
    <div
      className="card"
    >
      <label
        className="checkbox"
      >
        <input
          type="checkbox"
        />
      </label>
      <p>
         
        Buy Milk
      </p>
      <p>
         
        Friday, February 8th
         
      </p>
      <button
        onClick={[Function]}
      >
         Open 
      </button>
    </div>
  </section>
  <section
    className="todoCard"
  >
    <div
      className="card"
    >
      <label
        className="checkbox"
      >
        <input
          type="checkbox"
        />
      </label>
      <p>
         
        Buy Pizza
      </p>
      <p>
         
        Friday, February 8th
         
      </p>
      <button
        onClick={[Function]}
      >
         Open 
      </button>
    </div>
  </section>
</div>
`;
